{
    "-profile test_align": {
        "content": [
            58,
            {
                "BCFTOOLS_CONCAT_GVCF": {
                    "bcftools": "1.23.1"
                },
                "BCFTOOLS_CONCAT_VCF": {
                    "bcftools": "1.23.1"
                },
                "BGZIPTABIX": {
                    "bgzip": 1.21,
                    "tabix": 1.21
                },
                "BLAST_BLASTN": {
                    "blastn": "2.16.0+"
                },
                "DEEPVARIANT": {
                    "deepvariant": "1.10.0"
                },
                "GUNZIP": {
                    "gunzip": 1.13
                },
                "GVCF_STATS_REPORT": {
                    "deepvariant": "1.10.0"
                },
                "MINIMAP2_ALIGN": {
                    "minimap2": "2.29-r1283"
                },
                "PACBIO_FILTER": {
                    "gawk": "5.1.0"
                },
                "SAMTOOLS_COLLATE": {
                    "samtools": "1.23.1"
                },
                "SAMTOOLS_CONVERT": {
                    "samtools": "1.23.1"
                },
                "SAMTOOLS_FAIDX": {
                    "samtools": "1.23.1"
                },
                "SAMTOOLS_FASTA": {
                    "samtools": "1.23.1"
                },
                "SAMTOOLS_FASTQ": {
                    "samtools": "1.23.1"
                },
                "SAMTOOLS_FILTER": {
                    "samtools": "1.23.1"
                },
                "SAMTOOLS_FLAGSTAT": {
                    "samtools": "1.23.1"
                },
                "SAMTOOLS_IDXSTATS": {
                    "samtools": "1.23.1"
                },
                "SAMTOOLS_MERGE": {
                    "samtools": "1.23.1"
                },
                "SAMTOOLS_STATS": {
                    "samtools": "1.23.1"
                },
                "SAMTOOLS_VIEW": {
                    "samtools": "1.23.1"
                },
                "SEQKIT_SPLIT2": {
                    "seqkit": "2.9.0"
                },
                "UNTAR": {
                    "untar": 1.34
                },
                "VCF_STATS_REPORT": {
                    "deepvariant": "1.10.0"
                },
                "Workflow": {
                    "sanger-tol/variantcalling": "v1.2.0dev"
                }
            },
            [
                "pipeline_info",
                "pipeline_info/variantcalling_software_versions.yml",
                "variant_calling",
                "variant_calling/GCA_947369205.1_OX376310.1_CANBKR010000003.1.pacbio.icCanRufa1.cram",
                "variant_calling/GCA_947369205.1_OX376310.1_CANBKR010000003.1.pacbio.icCanRufa1.cram.crai",
                "variant_calling/GCA_947369205.1_OX376310.1_CANBKR010000003.1.pacbio.icCanRufa1.flagstat",
                "variant_calling/GCA_947369205.1_OX376310.1_CANBKR010000003.1.pacbio.icCanRufa1.idxstats",
                "variant_calling/GCA_947369205.1_OX376310.1_CANBKR010000003.1.pacbio.icCanRufa1.stats",
                "variant_calling/GCA_947369205.1_OX376310.1_CANBKR010000003.1.pacbio.icCanRufa1XXXXX.cram",
                "variant_calling/GCA_947369205.1_OX376310.1_CANBKR010000003.1.pacbio.icCanRufa1XXXXX.cram.crai",
                "variant_calling/GCA_947369205.1_OX376310.1_CANBKR010000003.1.pacbio.icCanRufa1XXXXX.flagstat",
                "variant_calling/GCA_947369205.1_OX376310.1_CANBKR010000003.1.pacbio.icCanRufa1XXXXX.idxstats",
                "variant_calling/GCA_947369205.1_OX376310.1_CANBKR010000003.1.pacbio.icCanRufa1XXXXX.stats",
                "variant_calling/GCA_947369205.1_OX376310.1_CANBKR010000003.1.pacbio.icCanRufa1XXXXX_deepvariant.g.vcf.gz",
                "variant_calling/GCA_947369205.1_OX376310.1_CANBKR010000003.1.pacbio.icCanRufa1XXXXX_deepvariant.g.vcf.gz.csi",
                "variant_calling/GCA_947369205.1_OX376310.1_CANBKR010000003.1.pacbio.icCanRufa1XXXXX_deepvariant.g.vcf.gz.gzi",
                "variant_calling/GCA_947369205.1_OX376310.1_CANBKR010000003.1.pacbio.icCanRufa1XXXXX_deepvariant.g.vcf.gz.tbi",
                "variant_calling/GCA_947369205.1_OX376310.1_CANBKR010000003.1.pacbio.icCanRufa1XXXXX_deepvariant.vcf.gz",
                "variant_calling/GCA_947369205.1_OX376310.1_CANBKR010000003.1.pacbio.icCanRufa1XXXXX_deepvariant.vcf.gz.csi",
                "variant_calling/GCA_947369205.1_OX376310.1_CANBKR010000003.1.pacbio.icCanRufa1XXXXX_deepvariant.vcf.gz.gzi",
                "variant_calling/GCA_947369205.1_OX376310.1_CANBKR010000003.1.pacbio.icCanRufa1XXXXX_deepvariant.vcf.gz.tbi",
                "variant_calling/GCA_947369205.1_OX376310.1_CANBKR010000003.1.pacbio.icCanRufa1_deepvariant.g.vcf.gz",
                "variant_calling/GCA_947369205.1_OX376310.1_CANBKR010000003.1.pacbio.icCanRufa1_deepvariant.g.vcf.gz.csi",
                "variant_calling/GCA_947369205.1_OX376310.1_CANBKR010000003.1.pacbio.icCanRufa1_deepvariant.g.vcf.gz.gzi",
                "variant_calling/GCA_947369205.1_OX376310.1_CANBKR010000003.1.pacbio.icCanRufa1_deepvariant.g.vcf.gz.tbi",
                "variant_calling/GCA_947369205.1_OX376310.1_CANBKR010000003.1.pacbio.icCanRufa1_deepvariant.vcf.gz",
                "variant_calling/GCA_947369205.1_OX376310.1_CANBKR010000003.1.pacbio.icCanRufa1_deepvariant.vcf.gz.csi",
                "variant_calling/GCA_947369205.1_OX376310.1_CANBKR010000003.1.pacbio.icCanRufa1_deepvariant.vcf.gz.gzi",
                "variant_calling/GCA_947369205.1_OX376310.1_CANBKR010000003.1.pacbio.icCanRufa1_deepvariant.vcf.gz.tbi",
                "variant_calling/report",
                "variant_calling/report/GCA_947369205.1_OX376310.1_CANBKR010000003.1.pacbio.icCanRufa1XXXXX_gvcf.stats.visual_report.html",
                "variant_calling/report/GCA_947369205.1_OX376310.1_CANBKR010000003.1.pacbio.icCanRufa1XXXXX_vcf.stats.visual_report.html",
                "variant_calling/report/GCA_947369205.1_OX376310.1_CANBKR010000003.1.pacbio.icCanRufa1_gvcf.stats.visual_report.html",
                "variant_calling/report/GCA_947369205.1_OX376310.1_CANBKR010000003.1.pacbio.icCanRufa1_vcf.stats.visual_report.html"
            ],
            [
                "GCA_947369205.1_OX376310.1_CANBKR010000003.1.pacbio.icCanRufa1.flagstat:md5,46d82921bb895f051b6a82658c18286f",
                "GCA_947369205.1_OX376310.1_CANBKR010000003.1.pacbio.icCanRufa1.idxstats:md5,7be1ca471671613630279bd5179b558f",
                "GCA_947369205.1_OX376310.1_CANBKR010000003.1.pacbio.icCanRufa1.stats:md5,822965d015b6523e3ea83fcbf37aa7b5",
                "GCA_947369205.1_OX376310.1_CANBKR010000003.1.pacbio.icCanRufa1XXXXX.flagstat:md5,2c5d67733407c8eddc2a7d59e035606e",
                "GCA_947369205.1_OX376310.1_CANBKR010000003.1.pacbio.icCanRufa1XXXXX.idxstats:md5,122ade711785188461e196872324044b",
                "GCA_947369205.1_OX376310.1_CANBKR010000003.1.pacbio.icCanRufa1XXXXX.stats:md5,e757b50288f1d2750fb297f570adbd6d",
                "GCA_947369205.1_OX376310.1_CANBKR010000003.1.pacbio.icCanRufa1XXXXX_gvcf.stats.visual_report.html:md5,0a98bfc9bf2a828c97e4ca6c8b20a0a5",
                "GCA_947369205.1_OX376310.1_CANBKR010000003.1.pacbio.icCanRufa1XXXXX_vcf.stats.visual_report.html:md5,7a47ce615c8039a023775986eb42fe6a",
                "GCA_947369205.1_OX376310.1_CANBKR010000003.1.pacbio.icCanRufa1_gvcf.stats.visual_report.html:md5,c313f11a980d5a43e71562cd43ea90c6",
                "GCA_947369205.1_OX376310.1_CANBKR010000003.1.pacbio.icCanRufa1_vcf.stats.visual_report.html:md5,ebbc6910458e09a669ba5766afdb950d"
            ],
            [
                "GCA_947369205.1_OX376310.1_CANBKR010000003.1.pacbio.icCanRufa1XXXXX_deepvariant.g.vcf.gz:md5,a82bcaa26c16328cf19b72beee49b80d",
                "GCA_947369205.1_OX376310.1_CANBKR010000003.1.pacbio.icCanRufa1XXXXX_deepvariant.vcf.gz:md5,d41d8cd98f00b204e9800998ecf8427e",
                "GCA_947369205.1_OX376310.1_CANBKR010000003.1.pacbio.icCanRufa1_deepvariant.g.vcf.gz:md5,6faaf6ecf0b7c5cc664d2da6f9a1069b",
                "GCA_947369205.1_OX376310.1_CANBKR010000003.1.pacbio.icCanRufa1_deepvariant.vcf.gz:md5,f3230403ec480904033694159f064800"
            ],
            [
                "GCA_947369205.1_OX376310.1_CANBKR010000003.1.pacbio.icCanRufa1.cram:md5,e34a3e0c89e931b165c6f45317fc044a",
                "GCA_947369205.1_OX376310.1_CANBKR010000003.1.pacbio.icCanRufa1XXXXX.cram:md5,49774288f3270c0d31fc7139a1f33a49"
            ]
        ],
        "meta": {
            "nf-test": "0.9.3",
            "nextflow": "25.10.2"
        },
        "timestamp": "2026-04-16T18:21:43.582632853"
    }
}