{
    "-profile test_align": {
        "content": [
            57,
            {
                "BCFTOOLS_CONCAT_GVCF": {
                    "bcftools": "1.23.1"
                },
                "BCFTOOLS_CONCAT_VCF": {
                    "bcftools": "1.23.1"
                },
                "BGZIPTABIX": {
                    "bgzip": 1.21,
                    "tabix": 1.21
                },
                "BLAST_BLASTN": {
                    "blastn": "2.16.0+"
                },
                "DEEPVARIANT": {
                    "deepvariant": "1.10.0"
                },
                "GUNZIP": {
                    "gunzip": 1.13
                },
                "GVCF_STATS_REPORT": {
                    "deepvariant": "1.10.0"
                },
                "MINIMAP2_ALIGN": {
                    "minimap2": "2.29-r1283"
                },
                "PACBIO_FILTER": {
                    "gawk": "5.1.0"
                },
                "SAMTOOLS_COLLATE": {
                    "samtools": "1.23.1"
                },
                "SAMTOOLS_CONVERT": {
                    "samtools": "1.23.1"
                },
                "SAMTOOLS_FAIDX": {
                    "samtools": "1.23.1"
                },
                "SAMTOOLS_FASTA": {
                    "samtools": "1.23.1"
                },
                "SAMTOOLS_FASTQ": {
                    "samtools": "1.23.1"
                },
                "SAMTOOLS_FILTER": {
                    "samtools": "1.23.1"
                },
                "SAMTOOLS_FLAGSTAT": {
                    "samtools": "1.23.1"
                },
                "SAMTOOLS_IDXSTATS": {
                    "samtools": "1.23.1"
                },
                "SAMTOOLS_MERGE": {
                    "samtools": "1.23.1"
                },
                "SAMTOOLS_STATS": {
                    "samtools": "1.23.1"
                },
                "SAMTOOLS_VIEW": {
                    "samtools": "1.23.1"
                },
                "SEQKIT_SPLIT2": {
                    "seqkit": "2.9.0"
                },
                "UNTAR": {
                    "untar": 1.34
                },
                "VCF_STATS_REPORT": {
                    "deepvariant": "1.10.0"
                },
                "Workflow": {
                    "sanger-tol/variantcalling": "v2.0.1"
                }
            },
            [
                "pipeline_info",
                "pipeline_info/variantcalling_software_versions.yml",
                "read_mapping",
                "read_mapping/pacbio",
                "read_mapping/pacbio/SAMEA7521030",
                "read_mapping/pacbio/SAMEA7521030/merge",
                "read_mapping/pacbio/SAMEA7521030/merge/GCA_947369205.1_OX376310.1_CANBKR010000003.1.pacbio.SAMEA7521030.merge.minimap2.cram",
                "read_mapping/pacbio/SAMEA7521030/merge/GCA_947369205.1_OX376310.1_CANBKR010000003.1.pacbio.SAMEA7521030.merge.minimap2.cram.crai",
                "read_mapping/pacbio/SAMEA7521030/merge/SOURCE.txt",
                "read_mapping/pacbio/SAMEA7521030/merge/stats",
                "read_mapping/pacbio/SAMEA7521030/merge/stats/GCA_947369205.1_OX376310.1_CANBKR010000003.1.pacbio.SAMEA7521030.merge.minimap2.flagstat",
                "read_mapping/pacbio/SAMEA7521030/merge/stats/GCA_947369205.1_OX376310.1_CANBKR010000003.1.pacbio.SAMEA7521030.merge.minimap2.idxstats",
                "read_mapping/pacbio/SAMEA7521030/merge/stats/GCA_947369205.1_OX376310.1_CANBKR010000003.1.pacbio.SAMEA7521030.merge.minimap2.stats",
                "read_mapping/pacbio/SAMEA7521030_X",
                "read_mapping/pacbio/SAMEA7521030_X/ERR10224927_02_2",
                "read_mapping/pacbio/SAMEA7521030_X/ERR10224927_02_2/GCA_947369205.1_OX376310.1_CANBKR010000003.1.pacbio.SAMEA7521030_X.ERR10224927_02_2.minimap2.cram",
                "read_mapping/pacbio/SAMEA7521030_X/ERR10224927_02_2/GCA_947369205.1_OX376310.1_CANBKR010000003.1.pacbio.SAMEA7521030_X.ERR10224927_02_2.minimap2.cram.crai",
                "read_mapping/pacbio/SAMEA7521030_X/ERR10224927_02_2/stats",
                "read_mapping/pacbio/SAMEA7521030_X/ERR10224927_02_2/stats/GCA_947369205.1_OX376310.1_CANBKR010000003.1.pacbio.SAMEA7521030_X.ERR10224927_02_2.minimap2.flagstat",
                "read_mapping/pacbio/SAMEA7521030_X/ERR10224927_02_2/stats/GCA_947369205.1_OX376310.1_CANBKR010000003.1.pacbio.SAMEA7521030_X.ERR10224927_02_2.minimap2.idxstats",
                "read_mapping/pacbio/SAMEA7521030_X/ERR10224927_02_2/stats/GCA_947369205.1_OX376310.1_CANBKR010000003.1.pacbio.SAMEA7521030_X.ERR10224927_02_2.minimap2.stats",
                "variant_analysis",
                "variant_analysis/pacbio",
                "variant_analysis/pacbio/SAMEA7521030",
                "variant_analysis/pacbio/SAMEA7521030/merge",
                "variant_analysis/pacbio/SAMEA7521030/merge/GCA_947369205.1_OX376310.1_CANBKR010000003.1.pacbio.SAMEA7521030.merge.minimap2.deepvariant.g.vcf.gz",
                "variant_analysis/pacbio/SAMEA7521030/merge/GCA_947369205.1_OX376310.1_CANBKR010000003.1.pacbio.SAMEA7521030.merge.minimap2.deepvariant.g.vcf.gz.csi",
                "variant_analysis/pacbio/SAMEA7521030/merge/GCA_947369205.1_OX376310.1_CANBKR010000003.1.pacbio.SAMEA7521030.merge.minimap2.deepvariant.g.vcf.gz.gzi",
                "variant_analysis/pacbio/SAMEA7521030/merge/GCA_947369205.1_OX376310.1_CANBKR010000003.1.pacbio.SAMEA7521030.merge.minimap2.deepvariant.g.vcf.gz.tbi",
                "variant_analysis/pacbio/SAMEA7521030/merge/GCA_947369205.1_OX376310.1_CANBKR010000003.1.pacbio.SAMEA7521030.merge.minimap2.deepvariant.vcf.gz",
                "variant_analysis/pacbio/SAMEA7521030/merge/GCA_947369205.1_OX376310.1_CANBKR010000003.1.pacbio.SAMEA7521030.merge.minimap2.deepvariant.vcf.gz.csi",
                "variant_analysis/pacbio/SAMEA7521030/merge/GCA_947369205.1_OX376310.1_CANBKR010000003.1.pacbio.SAMEA7521030.merge.minimap2.deepvariant.vcf.gz.gzi",
                "variant_analysis/pacbio/SAMEA7521030/merge/GCA_947369205.1_OX376310.1_CANBKR010000003.1.pacbio.SAMEA7521030.merge.minimap2.deepvariant.vcf.gz.tbi",
                "variant_analysis/pacbio/SAMEA7521030/merge/qc",
                "variant_analysis/pacbio/SAMEA7521030/merge/qc/GCA_947369205.1_OX376310.1_CANBKR010000003.1.pacbio.SAMEA7521030.merge.minimap2.deepvariant.g.vcf.stats.visual_report.html",
                "variant_analysis/pacbio/SAMEA7521030/merge/qc/GCA_947369205.1_OX376310.1_CANBKR010000003.1.pacbio.SAMEA7521030.merge.minimap2.deepvariant.vcf.stats.visual_report.html",
                "variant_analysis/pacbio/SAMEA7521030_X",
                "variant_analysis/pacbio/SAMEA7521030_X/ERR10224927_02_2",
                "variant_analysis/pacbio/SAMEA7521030_X/ERR10224927_02_2/GCA_947369205.1_OX376310.1_CANBKR010000003.1.pacbio.SAMEA7521030_X.ERR10224927_02_2.minimap2.deepvariant.g.vcf.gz",
                "variant_analysis/pacbio/SAMEA7521030_X/ERR10224927_02_2/GCA_947369205.1_OX376310.1_CANBKR010000003.1.pacbio.SAMEA7521030_X.ERR10224927_02_2.minimap2.deepvariant.g.vcf.gz.csi",
                "variant_analysis/pacbio/SAMEA7521030_X/ERR10224927_02_2/GCA_947369205.1_OX376310.1_CANBKR010000003.1.pacbio.SAMEA7521030_X.ERR10224927_02_2.minimap2.deepvariant.g.vcf.gz.gzi",
                "variant_analysis/pacbio/SAMEA7521030_X/ERR10224927_02_2/GCA_947369205.1_OX376310.1_CANBKR010000003.1.pacbio.SAMEA7521030_X.ERR10224927_02_2.minimap2.deepvariant.g.vcf.gz.tbi",
                "variant_analysis/pacbio/SAMEA7521030_X/ERR10224927_02_2/GCA_947369205.1_OX376310.1_CANBKR010000003.1.pacbio.SAMEA7521030_X.ERR10224927_02_2.minimap2.deepvariant.vcf.gz",
                "variant_analysis/pacbio/SAMEA7521030_X/ERR10224927_02_2/GCA_947369205.1_OX376310.1_CANBKR010000003.1.pacbio.SAMEA7521030_X.ERR10224927_02_2.minimap2.deepvariant.vcf.gz.csi",
                "variant_analysis/pacbio/SAMEA7521030_X/ERR10224927_02_2/GCA_947369205.1_OX376310.1_CANBKR010000003.1.pacbio.SAMEA7521030_X.ERR10224927_02_2.minimap2.deepvariant.vcf.gz.gzi",
                "variant_analysis/pacbio/SAMEA7521030_X/ERR10224927_02_2/GCA_947369205.1_OX376310.1_CANBKR010000003.1.pacbio.SAMEA7521030_X.ERR10224927_02_2.minimap2.deepvariant.vcf.gz.tbi",
                "variant_analysis/pacbio/SAMEA7521030_X/ERR10224927_02_2/qc",
                "variant_analysis/pacbio/SAMEA7521030_X/ERR10224927_02_2/qc/GCA_947369205.1_OX376310.1_CANBKR010000003.1.pacbio.SAMEA7521030_X.ERR10224927_02_2.minimap2.deepvariant.g.vcf.stats.visual_report.html",
                "variant_analysis/pacbio/SAMEA7521030_X/ERR10224927_02_2/qc/GCA_947369205.1_OX376310.1_CANBKR010000003.1.pacbio.SAMEA7521030_X.ERR10224927_02_2.minimap2.deepvariant.vcf.stats.visual_report.html"
            ],
            [
                "SOURCE.txt:md5,4cb3ee552cdc244156debe9965d43154",
                "GCA_947369205.1_OX376310.1_CANBKR010000003.1.pacbio.SAMEA7521030.merge.minimap2.flagstat:md5,46d82921bb895f051b6a82658c18286f",
                "GCA_947369205.1_OX376310.1_CANBKR010000003.1.pacbio.SAMEA7521030.merge.minimap2.idxstats:md5,7be1ca471671613630279bd5179b558f",
                "GCA_947369205.1_OX376310.1_CANBKR010000003.1.pacbio.SAMEA7521030.merge.minimap2.stats:md5,b9d9900d8a235507d1da355251dd804f",
                "GCA_947369205.1_OX376310.1_CANBKR010000003.1.pacbio.SAMEA7521030_X.ERR10224927_02_2.minimap2.flagstat:md5,2c5d67733407c8eddc2a7d59e035606e",
                "GCA_947369205.1_OX376310.1_CANBKR010000003.1.pacbio.SAMEA7521030_X.ERR10224927_02_2.minimap2.idxstats:md5,122ade711785188461e196872324044b",
                "GCA_947369205.1_OX376310.1_CANBKR010000003.1.pacbio.SAMEA7521030_X.ERR10224927_02_2.minimap2.stats:md5,6d8225a348d6f2c8f2f45f00f496358f",
                "GCA_947369205.1_OX376310.1_CANBKR010000003.1.pacbio.SAMEA7521030.merge.minimap2.deepvariant.g.vcf.stats.visual_report.html:md5,1cd5b8568a0e516923c093391768a100",
                "GCA_947369205.1_OX376310.1_CANBKR010000003.1.pacbio.SAMEA7521030.merge.minimap2.deepvariant.vcf.stats.visual_report.html:md5,f3f2f8662fb11df5bfdddf94e230eb86",
                "GCA_947369205.1_OX376310.1_CANBKR010000003.1.pacbio.SAMEA7521030_X.ERR10224927_02_2.minimap2.deepvariant.g.vcf.stats.visual_report.html:md5,d58e91136f961c0a81624f2ca79518e7",
                "GCA_947369205.1_OX376310.1_CANBKR010000003.1.pacbio.SAMEA7521030_X.ERR10224927_02_2.minimap2.deepvariant.vcf.stats.visual_report.html:md5,e76ad1cfd5cd12a4e5f17c7984f06bfd"
            ],
            [
                "GCA_947369205.1_OX376310.1_CANBKR010000003.1.pacbio.SAMEA7521030.merge.minimap2.deepvariant.g.vcf.gz:md5,6faaf6ecf0b7c5cc664d2da6f9a1069b",
                "GCA_947369205.1_OX376310.1_CANBKR010000003.1.pacbio.SAMEA7521030.merge.minimap2.deepvariant.vcf.gz:md5,f3230403ec480904033694159f064800",
                "GCA_947369205.1_OX376310.1_CANBKR010000003.1.pacbio.SAMEA7521030_X.ERR10224927_02_2.minimap2.deepvariant.g.vcf.gz:md5,a82bcaa26c16328cf19b72beee49b80d",
                "GCA_947369205.1_OX376310.1_CANBKR010000003.1.pacbio.SAMEA7521030_X.ERR10224927_02_2.minimap2.deepvariant.vcf.gz:md5,d41d8cd98f00b204e9800998ecf8427e"
            ],
            [
                "GCA_947369205.1_OX376310.1_CANBKR010000003.1.pacbio.SAMEA7521030.merge.minimap2.cram:md5,8687ba1f97f527df6dda7b5ad73b245e",
                "GCA_947369205.1_OX376310.1_CANBKR010000003.1.pacbio.SAMEA7521030_X.ERR10224927_02_2.minimap2.cram:md5,49774288f3270c0d31fc7139a1f33a49"
            ]
        ],
        "timestamp": "2026-05-07T12:31:07.898398",
        "meta": {
            "nf-test": "0.9.5",
            "nextflow": "25.04.2"
        }
    }
}