{
    "-profile test": {
        "content": [
            35,
            {
                "BCFTOOLS_CONCAT_GVCF": {
                    "bcftools": "1.23.1"
                },
                "BCFTOOLS_CONCAT_VCF": {
                    "bcftools": "1.23.1"
                },
                "BGZIPTABIX": {
                    "bgzip": 1.21,
                    "tabix": 1.21
                },
                "DEEPVARIANT": {
                    "deepvariant": "1.10.0"
                },
                "GUNZIP": {
                    "gunzip": 1.13
                },
                "GVCF_STATS_REPORT": {
                    "deepvariant": "1.10.0"
                },
                "SAMTOOLS_FAIDX": {
                    "samtools": "1.23.1"
                },
                "SAMTOOLS_MERGE": {
                    "samtools": "1.23.1"
                },
                "SAMTOOLS_SORT": {
                    "samtools": "1.23.1"
                },
                "SAMTOOLS_VIEW": {
                    "samtools": "1.23.1"
                },
                "SEQKIT_SPLIT2": {
                    "seqkit": "2.9.0"
                },
                "VCF_STATS_REPORT": {
                    "deepvariant": "1.10.0"
                },
                "Workflow": {
                    "sanger-tol/variantcalling": "v1.2.0dev"
                }
            },
            [
                "pipeline_info",
                "pipeline_info/variantcalling_software_versions.yml",
                "variant_analysis",
                "variant_analysis/pacbio",
                "variant_analysis/pacbio/SAMEA7521030",
                "variant_analysis/pacbio/SAMEA7521030/merge",
                "variant_analysis/pacbio/SAMEA7521030/merge/GCA_947369205.1_OX376310.1_CANBKR010000003.1.pacbio.SAMEA7521030.merge.deepvariant.g.vcf.gz",
                "variant_analysis/pacbio/SAMEA7521030/merge/GCA_947369205.1_OX376310.1_CANBKR010000003.1.pacbio.SAMEA7521030.merge.deepvariant.g.vcf.gz.csi",
                "variant_analysis/pacbio/SAMEA7521030/merge/GCA_947369205.1_OX376310.1_CANBKR010000003.1.pacbio.SAMEA7521030.merge.deepvariant.g.vcf.gz.gzi",
                "variant_analysis/pacbio/SAMEA7521030/merge/GCA_947369205.1_OX376310.1_CANBKR010000003.1.pacbio.SAMEA7521030.merge.deepvariant.g.vcf.gz.tbi",
                "variant_analysis/pacbio/SAMEA7521030/merge/GCA_947369205.1_OX376310.1_CANBKR010000003.1.pacbio.SAMEA7521030.merge.deepvariant.vcf.gz",
                "variant_analysis/pacbio/SAMEA7521030/merge/GCA_947369205.1_OX376310.1_CANBKR010000003.1.pacbio.SAMEA7521030.merge.deepvariant.vcf.gz.csi",
                "variant_analysis/pacbio/SAMEA7521030/merge/GCA_947369205.1_OX376310.1_CANBKR010000003.1.pacbio.SAMEA7521030.merge.deepvariant.vcf.gz.gzi",
                "variant_analysis/pacbio/SAMEA7521030/merge/GCA_947369205.1_OX376310.1_CANBKR010000003.1.pacbio.SAMEA7521030.merge.deepvariant.vcf.gz.tbi",
                "variant_analysis/pacbio/SAMEA7521030/merge/SOURCE.txt",
                "variant_analysis/pacbio/SAMEA7521030/merge/qc",
                "variant_analysis/pacbio/SAMEA7521030/merge/qc/GCA_947369205.1_OX376310.1_CANBKR010000003.1.pacbio.SAMEA7521030.merge.deepvariant.g.vcf.stats.visual_report.html",
                "variant_analysis/pacbio/SAMEA7521030/merge/qc/GCA_947369205.1_OX376310.1_CANBKR010000003.1.pacbio.SAMEA7521030.merge.deepvariant.vcf.stats.visual_report.html",
                "variant_analysis/pacbio/SAMEA7521030_2",
                "variant_analysis/pacbio/SAMEA7521030_2/merge",
                "variant_analysis/pacbio/SAMEA7521030_2/merge/GCA_947369205.1_OX376310.1_CANBKR010000003.1.pacbio.SAMEA7521030_2.merge.deepvariant.g.vcf.gz",
                "variant_analysis/pacbio/SAMEA7521030_2/merge/GCA_947369205.1_OX376310.1_CANBKR010000003.1.pacbio.SAMEA7521030_2.merge.deepvariant.g.vcf.gz.csi",
                "variant_analysis/pacbio/SAMEA7521030_2/merge/GCA_947369205.1_OX376310.1_CANBKR010000003.1.pacbio.SAMEA7521030_2.merge.deepvariant.g.vcf.gz.gzi",
                "variant_analysis/pacbio/SAMEA7521030_2/merge/GCA_947369205.1_OX376310.1_CANBKR010000003.1.pacbio.SAMEA7521030_2.merge.deepvariant.g.vcf.gz.tbi",
                "variant_analysis/pacbio/SAMEA7521030_2/merge/GCA_947369205.1_OX376310.1_CANBKR010000003.1.pacbio.SAMEA7521030_2.merge.deepvariant.vcf.gz",
                "variant_analysis/pacbio/SAMEA7521030_2/merge/GCA_947369205.1_OX376310.1_CANBKR010000003.1.pacbio.SAMEA7521030_2.merge.deepvariant.vcf.gz.csi",
                "variant_analysis/pacbio/SAMEA7521030_2/merge/GCA_947369205.1_OX376310.1_CANBKR010000003.1.pacbio.SAMEA7521030_2.merge.deepvariant.vcf.gz.gzi",
                "variant_analysis/pacbio/SAMEA7521030_2/merge/GCA_947369205.1_OX376310.1_CANBKR010000003.1.pacbio.SAMEA7521030_2.merge.deepvariant.vcf.gz.tbi",
                "variant_analysis/pacbio/SAMEA7521030_2/merge/SOURCE.txt",
                "variant_analysis/pacbio/SAMEA7521030_2/merge/qc",
                "variant_analysis/pacbio/SAMEA7521030_2/merge/qc/GCA_947369205.1_OX376310.1_CANBKR010000003.1.pacbio.SAMEA7521030_2.merge.deepvariant.g.vcf.stats.visual_report.html",
                "variant_analysis/pacbio/SAMEA7521030_2/merge/qc/GCA_947369205.1_OX376310.1_CANBKR010000003.1.pacbio.SAMEA7521030_2.merge.deepvariant.vcf.stats.visual_report.html",
                "variant_analysis/pacbio/SAMEA7521030_X",
                "variant_analysis/pacbio/SAMEA7521030_X/GCA_947369205.1_OX376310.1_CANBKR010000003.1.pacbio.SAMEA7521030_X.deepvariant.g.vcf.gz",
                "variant_analysis/pacbio/SAMEA7521030_X/GCA_947369205.1_OX376310.1_CANBKR010000003.1.pacbio.SAMEA7521030_X.deepvariant.g.vcf.gz.csi",
                "variant_analysis/pacbio/SAMEA7521030_X/GCA_947369205.1_OX376310.1_CANBKR010000003.1.pacbio.SAMEA7521030_X.deepvariant.g.vcf.gz.gzi",
                "variant_analysis/pacbio/SAMEA7521030_X/GCA_947369205.1_OX376310.1_CANBKR010000003.1.pacbio.SAMEA7521030_X.deepvariant.g.vcf.gz.tbi",
                "variant_analysis/pacbio/SAMEA7521030_X/GCA_947369205.1_OX376310.1_CANBKR010000003.1.pacbio.SAMEA7521030_X.deepvariant.vcf.gz",
                "variant_analysis/pacbio/SAMEA7521030_X/GCA_947369205.1_OX376310.1_CANBKR010000003.1.pacbio.SAMEA7521030_X.deepvariant.vcf.gz.csi",
                "variant_analysis/pacbio/SAMEA7521030_X/GCA_947369205.1_OX376310.1_CANBKR010000003.1.pacbio.SAMEA7521030_X.deepvariant.vcf.gz.gzi",
                "variant_analysis/pacbio/SAMEA7521030_X/GCA_947369205.1_OX376310.1_CANBKR010000003.1.pacbio.SAMEA7521030_X.deepvariant.vcf.gz.tbi",
                "variant_analysis/pacbio/SAMEA7521030_X/qc",
                "variant_analysis/pacbio/SAMEA7521030_X/qc/GCA_947369205.1_OX376310.1_CANBKR010000003.1.pacbio.SAMEA7521030_X.deepvariant.g.vcf.stats.visual_report.html",
                "variant_analysis/pacbio/SAMEA7521030_X/qc/GCA_947369205.1_OX376310.1_CANBKR010000003.1.pacbio.SAMEA7521030_X.deepvariant.vcf.stats.visual_report.html"
            ],
            [
                "SOURCE.txt:md5,d58c1577ccc6a4d2b5fe11701971aa4e",
                "GCA_947369205.1_OX376310.1_CANBKR010000003.1.pacbio.SAMEA7521030.merge.deepvariant.g.vcf.stats.visual_report.html:md5,6328251c0af57b244221b68e58cd8484",
                "GCA_947369205.1_OX376310.1_CANBKR010000003.1.pacbio.SAMEA7521030.merge.deepvariant.vcf.stats.visual_report.html:md5,85d871a873c399fa7f097eeb80ee34b8",
                "SOURCE.txt:md5,98a68507b5e36c38fa56683fe0389b6d",
                "GCA_947369205.1_OX376310.1_CANBKR010000003.1.pacbio.SAMEA7521030_2.merge.deepvariant.g.vcf.stats.visual_report.html:md5,1f704801a0f5ee2e3215b11d98b6dd4b",
                "GCA_947369205.1_OX376310.1_CANBKR010000003.1.pacbio.SAMEA7521030_2.merge.deepvariant.vcf.stats.visual_report.html:md5,9739cd6e3e9bdf9918bcdb98138904d9",
                "GCA_947369205.1_OX376310.1_CANBKR010000003.1.pacbio.SAMEA7521030_X.deepvariant.g.vcf.stats.visual_report.html:md5,2b2edbebdb8f8faa4dcd5ebaa659682a",
                "GCA_947369205.1_OX376310.1_CANBKR010000003.1.pacbio.SAMEA7521030_X.deepvariant.vcf.stats.visual_report.html:md5,52b367adbec0d50c57cc69faa63d88bb"
            ],
            [
                "GCA_947369205.1_OX376310.1_CANBKR010000003.1.pacbio.SAMEA7521030.merge.deepvariant.g.vcf.gz:md5,baefd99c0378d99dd4580e322c23a303",
                "GCA_947369205.1_OX376310.1_CANBKR010000003.1.pacbio.SAMEA7521030.merge.deepvariant.vcf.gz:md5,54531cd87ddea9810409d6c6143786ac",
                "GCA_947369205.1_OX376310.1_CANBKR010000003.1.pacbio.SAMEA7521030_2.merge.deepvariant.g.vcf.gz:md5,baefd99c0378d99dd4580e322c23a303",
                "GCA_947369205.1_OX376310.1_CANBKR010000003.1.pacbio.SAMEA7521030_2.merge.deepvariant.vcf.gz:md5,54531cd87ddea9810409d6c6143786ac",
                "GCA_947369205.1_OX376310.1_CANBKR010000003.1.pacbio.SAMEA7521030_X.deepvariant.g.vcf.gz:md5,a7a3df91599b390b501cf2b807f560eb",
                "GCA_947369205.1_OX376310.1_CANBKR010000003.1.pacbio.SAMEA7521030_X.deepvariant.vcf.gz:md5,3670ede9c3b92fa2a58575ea1129aa62"
            ]
        ],
        "timestamp": "2026-04-30T19:07:05.091219",
        "meta": {
            "nf-test": "0.9.5",
            "nextflow": "25.04.2"
        }
    }
}