{
    "-profile test": {
        "content": [
            35,
            {
                "BCFTOOLS_CONCAT_GVCF": {
                    "bcftools": "1.23.1"
                },
                "BCFTOOLS_CONCAT_VCF": {
                    "bcftools": "1.23.1"
                },
                "BGZIPTABIX": {
                    "bgzip": 1.21,
                    "tabix": 1.21
                },
                "DEEPVARIANT": {
                    "deepvariant": "1.10.0"
                },
                "GUNZIP": {
                    "gunzip": 1.13
                },
                "GVCF_STATS_REPORT": {
                    "deepvariant": "1.10.0"
                },
                "SAMTOOLS_FAIDX": {
                    "samtools": "1.23.1"
                },
                "SAMTOOLS_MERGE": {
                    "samtools": "1.23.1"
                },
                "SAMTOOLS_SORT": {
                    "samtools": "1.23.1"
                },
                "SAMTOOLS_VIEW": {
                    "samtools": "1.23.1"
                },
                "SEQKIT_SPLIT2": {
                    "seqkit": "2.9.0"
                },
                "VCF_STATS_REPORT": {
                    "deepvariant": "1.10.0"
                },
                "Workflow": {
                    "sanger-tol/variantcalling": "v1.2.0dev"
                }
            },
            [
                "pipeline_info",
                "pipeline_info/variantcalling_software_mqc_versions.yml",
                "variant_calling",
                "variant_calling/GCA_947369205.1_OX376310.1_CANBKR010000003.1.pacbio.icCanRufa1_bam_deepvariant.g.vcf.gz",
                "variant_calling/GCA_947369205.1_OX376310.1_CANBKR010000003.1.pacbio.icCanRufa1_bam_deepvariant.g.vcf.gz.csi",
                "variant_calling/GCA_947369205.1_OX376310.1_CANBKR010000003.1.pacbio.icCanRufa1_bam_deepvariant.g.vcf.gz.gzi",
                "variant_calling/GCA_947369205.1_OX376310.1_CANBKR010000003.1.pacbio.icCanRufa1_bam_deepvariant.g.vcf.gz.tbi",
                "variant_calling/GCA_947369205.1_OX376310.1_CANBKR010000003.1.pacbio.icCanRufa1_bam_deepvariant.vcf.gz",
                "variant_calling/GCA_947369205.1_OX376310.1_CANBKR010000003.1.pacbio.icCanRufa1_bam_deepvariant.vcf.gz.csi",
                "variant_calling/GCA_947369205.1_OX376310.1_CANBKR010000003.1.pacbio.icCanRufa1_bam_deepvariant.vcf.gz.gzi",
                "variant_calling/GCA_947369205.1_OX376310.1_CANBKR010000003.1.pacbio.icCanRufa1_bam_deepvariant.vcf.gz.tbi",
                "variant_calling/GCA_947369205.1_OX376310.1_CANBKR010000003.1.pacbio.icCanRufa1_cram_deepvariant.g.vcf.gz",
                "variant_calling/GCA_947369205.1_OX376310.1_CANBKR010000003.1.pacbio.icCanRufa1_cram_deepvariant.g.vcf.gz.csi",
                "variant_calling/GCA_947369205.1_OX376310.1_CANBKR010000003.1.pacbio.icCanRufa1_cram_deepvariant.g.vcf.gz.gzi",
                "variant_calling/GCA_947369205.1_OX376310.1_CANBKR010000003.1.pacbio.icCanRufa1_cram_deepvariant.g.vcf.gz.tbi",
                "variant_calling/GCA_947369205.1_OX376310.1_CANBKR010000003.1.pacbio.icCanRufa1_cram_deepvariant.vcf.gz",
                "variant_calling/GCA_947369205.1_OX376310.1_CANBKR010000003.1.pacbio.icCanRufa1_cram_deepvariant.vcf.gz.csi",
                "variant_calling/GCA_947369205.1_OX376310.1_CANBKR010000003.1.pacbio.icCanRufa1_cram_deepvariant.vcf.gz.gzi",
                "variant_calling/GCA_947369205.1_OX376310.1_CANBKR010000003.1.pacbio.icCanRufa1_cram_deepvariant.vcf.gz.tbi",
                "variant_calling/GCA_947369205.1_OX376310.1_CANBKR010000003.1.pacbio.icCanRufa1_deepvariant.g.vcf.gz",
                "variant_calling/GCA_947369205.1_OX376310.1_CANBKR010000003.1.pacbio.icCanRufa1_deepvariant.g.vcf.gz.csi",
                "variant_calling/GCA_947369205.1_OX376310.1_CANBKR010000003.1.pacbio.icCanRufa1_deepvariant.g.vcf.gz.gzi",
                "variant_calling/GCA_947369205.1_OX376310.1_CANBKR010000003.1.pacbio.icCanRufa1_deepvariant.g.vcf.gz.tbi",
                "variant_calling/GCA_947369205.1_OX376310.1_CANBKR010000003.1.pacbio.icCanRufa1_deepvariant.vcf.gz",
                "variant_calling/GCA_947369205.1_OX376310.1_CANBKR010000003.1.pacbio.icCanRufa1_deepvariant.vcf.gz.csi",
                "variant_calling/GCA_947369205.1_OX376310.1_CANBKR010000003.1.pacbio.icCanRufa1_deepvariant.vcf.gz.gzi",
                "variant_calling/GCA_947369205.1_OX376310.1_CANBKR010000003.1.pacbio.icCanRufa1_deepvariant.vcf.gz.tbi",
                "variant_calling/report",
                "variant_calling/report/GCA_947369205.1_OX376310.1_CANBKR010000003.1.pacbio.icCanRufa1_bam_gvcf.stats.visual_report.html",
                "variant_calling/report/GCA_947369205.1_OX376310.1_CANBKR010000003.1.pacbio.icCanRufa1_bam_vcf.stats.visual_report.html",
                "variant_calling/report/GCA_947369205.1_OX376310.1_CANBKR010000003.1.pacbio.icCanRufa1_cram_gvcf.stats.visual_report.html",
                "variant_calling/report/GCA_947369205.1_OX376310.1_CANBKR010000003.1.pacbio.icCanRufa1_cram_vcf.stats.visual_report.html",
                "variant_calling/report/GCA_947369205.1_OX376310.1_CANBKR010000003.1.pacbio.icCanRufa1_gvcf.stats.visual_report.html",
                "variant_calling/report/GCA_947369205.1_OX376310.1_CANBKR010000003.1.pacbio.icCanRufa1_vcf.stats.visual_report.html"
            ],
            [
                "GCA_947369205.1_OX376310.1_CANBKR010000003.1.pacbio.icCanRufa1_bam_gvcf.stats.visual_report.html:md5,c32f3aa6597cd3911fac1143863311a7",
                "GCA_947369205.1_OX376310.1_CANBKR010000003.1.pacbio.icCanRufa1_bam_vcf.stats.visual_report.html:md5,570dc9e7b445af4063be67256478755d",
                "GCA_947369205.1_OX376310.1_CANBKR010000003.1.pacbio.icCanRufa1_cram_gvcf.stats.visual_report.html:md5,9f3245eb2fe568485593ccefbb92128b",
                "GCA_947369205.1_OX376310.1_CANBKR010000003.1.pacbio.icCanRufa1_cram_vcf.stats.visual_report.html:md5,492768889ec75ace2ab45ad9b8255421",
                "GCA_947369205.1_OX376310.1_CANBKR010000003.1.pacbio.icCanRufa1_gvcf.stats.visual_report.html:md5,41d3e4b4a1496bcc875ad347e45a5d22",
                "GCA_947369205.1_OX376310.1_CANBKR010000003.1.pacbio.icCanRufa1_vcf.stats.visual_report.html:md5,f246f21190f249e711f305c0d80cdc03"
            ],
            [
                "GCA_947369205.1_OX376310.1_CANBKR010000003.1.pacbio.icCanRufa1_bam_deepvariant.g.vcf.gz:md5,a7a3df91599b390b501cf2b807f560eb",
                "GCA_947369205.1_OX376310.1_CANBKR010000003.1.pacbio.icCanRufa1_bam_deepvariant.vcf.gz:md5,3670ede9c3b92fa2a58575ea1129aa62",
                "GCA_947369205.1_OX376310.1_CANBKR010000003.1.pacbio.icCanRufa1_cram_deepvariant.g.vcf.gz:md5,a7a3df91599b390b501cf2b807f560eb",
                "GCA_947369205.1_OX376310.1_CANBKR010000003.1.pacbio.icCanRufa1_cram_deepvariant.vcf.gz:md5,3670ede9c3b92fa2a58575ea1129aa62",
                "GCA_947369205.1_OX376310.1_CANBKR010000003.1.pacbio.icCanRufa1_deepvariant.g.vcf.gz:md5,baefd99c0378d99dd4580e322c23a303",
                "GCA_947369205.1_OX376310.1_CANBKR010000003.1.pacbio.icCanRufa1_deepvariant.vcf.gz:md5,54531cd87ddea9810409d6c6143786ac"
            ]
        ],
        "meta": {
            "nf-test": "0.9.3",
            "nextflow": "25.10.2"
        },
        "timestamp": "2026-04-16T18:23:56.332692541"
    }
}